\BOOKMARK [1][-]{section*.4}{\376\377\000I\000n\000t\000r\000o\000d\000u\000c\000t\000i\000o\000n}{}% 1
\BOOKMARK [1][-]{section*.5}{\376\377\000B\000a\000y\000e\000s\000i\000a\000n\000\040\000\050\000M\000\051\000I\000R\000T\000:\000\040\000A\000\040\000B\000r\000i\000e\000f\000\040\000O\000v\000e\000r\000v\000i\000e\000w}{}% 2
\BOOKMARK [2][-]{section*.8}{\376\377\000I\000m\000p\000l\000e\000m\000e\000n\000t\000a\000t\000i\000o\000n\000\040\000v\000i\000a\000\040\000b\000r\000m\000s}{section*.5}% 3
\BOOKMARK [1][-]{section*.9}{\376\377\000O\000r\000d\000i\000n\000a\000l\000\040\000I\000R\000T\000\040\000M\000o\000d\000e\000l\000\040\000F\000a\000m\000i\000l\000i\000e\000s\000\040\000a\000n\000d\000\040\000R\000e\000l\000a\000t\000e\000d\000\040\000W\000o\000r\000k}{}% 4
\BOOKMARK [1][-]{section*.11}{\376\377\000D\000i\000a\000g\000n\000o\000s\000t\000i\000c\000\040\000T\000o\000o\000l\000k\000i\000t}{}% 5
\BOOKMARK [2][-]{section*.12}{\376\377\000C\000o\000n\000v\000e\000r\000g\000e\000n\000c\000e\000\040\000d\000i\000a\000g\000n\000o\000s\000t\000i\000c\000s}{section*.11}% 6
\BOOKMARK [2][-]{section*.13}{\376\377\000M\000o\000d\000e\000l\000\040\000c\000o\000m\000p\000a\000r\000i\000s\000o\000n\000:\000\040\000L\000O\000O\000-\000C\000V}{section*.11}% 7
\BOOKMARK [2][-]{section*.14}{\376\377\000I\000t\000e\000m\000\040\000a\000n\000d\000\040\000p\000e\000r\000s\000o\000n\000\040\000p\000a\000r\000a\000m\000e\000t\000e\000r\000\040\000v\000i\000s\000u\000a\000l\000i\000s\000a\000t\000i\000o\000n\000s}{section*.11}% 8
\BOOKMARK [2][-]{section*.15}{\376\377\000D\000i\000f\000f\000e\000r\000e\000n\000t\000i\000a\000l\000\040\000i\000t\000e\000m\000\040\000f\000u\000n\000c\000t\000i\000o\000n\000i\000n\000g}{section*.11}% 9
\BOOKMARK [2][-]{section*.16}{\376\377\000T\000h\000e\000\040\000r\000o\000l\000e\000\040\000o\000f\000\040\000q\000u\000a\000l\000i\000t\000a\000t\000i\000v\000e\000\040\000j\000u\000d\000g\000m\000e\000n\000t}{section*.11}% 10
\BOOKMARK [1][-]{section*.17}{\376\377\000C\000a\000s\000e\000\040\000s\000t\000u\000d\000y\000:\000\040\000D\000a\000t\000a\000\040\000a\000n\000d\000\040\000s\000e\000t\000u\000p}{}% 11
\BOOKMARK [2][-]{section*.18}{\376\377\000D\000a\000t\000a\000s\000e\000t}{section*.17}% 12
\BOOKMARK [2][-]{section*.19}{\376\377\000I\000n\000s\000t\000r\000u\000m\000e\000n\000t}{section*.17}% 13
\BOOKMARK [2][-]{section*.20}{\376\377\000C\000o\000m\000p\000e\000t\000i\000n\000g\000\040\000s\000t\000r\000u\000c\000t\000u\000r\000a\000l\000\040\000h\000y\000p\000o\000t\000h\000e\000s\000e\000s}{section*.17}% 14
\BOOKMARK [2][-]{section*.25}{\376\377\000C\000o\000m\000p\000u\000t\000a\000t\000i\000o\000n\000a\000l\000\040\000s\000e\000t\000u\000p}{section*.17}% 15
\BOOKMARK [1][-]{section*.26}{\376\377\000A\000p\000p\000l\000y\000i\000n\000g\000\040\000t\000h\000e\000\040\000w\000o\000r\000k\000f\000l\000o\000w}{}% 16
\BOOKMARK [2][-]{section*.27}{\376\377\000S\000t\000e\000p\000\040\0001\000:\000\040\000P\000r\000e\000p\000r\000o\000c\000e\000s\000s\000i\000n\000g\000\040\000s\000p\000a\000r\000s\000e\000\040\000r\000e\000s\000p\000o\000n\000s\000e\000\040\000c\000a\000t\000e\000g\000o\000r\000i\000e\000s}{section*.26}% 17
\BOOKMARK [2][-]{section*.31}{\376\377\000S\000t\000e\000p\000\040\0002\000:\000\040\000C\000o\000m\000p\000a\000r\000i\000n\000g\000\040\000d\000i\000m\000e\000n\000s\000i\000o\000n\000a\000l\000\040\000s\000t\000r\000u\000c\000t\000u\000r\000e\000s}{section*.26}% 18
\BOOKMARK [2][-]{section*.34}{\376\377\000S\000t\000e\000p\000\040\0003\000:\000\040\000F\000r\000e\000e\000i\000n\000g\000\040\000d\000i\000s\000c\000r\000i\000m\000i\000n\000a\000t\000i\000o\000n\000\040\000p\000a\000r\000a\000m\000e\000t\000e\000r\000s}{section*.26}% 19
\BOOKMARK [2][-]{section*.36}{\376\377\000S\000t\000e\000p\000\040\0004\000:\000\040\000I\000t\000e\000m\000\040\000r\000e\000m\000o\000v\000a\000l\000\040\000a\000n\000d\000\040\000l\000i\000n\000k\000\040\000f\000u\000n\000c\000t\000i\000o\000n\000\040\000c\000o\000m\000p\000a\000r\000i\000s\000o\000n}{section*.26}% 20
\BOOKMARK [3][-]{sec